Initialized native services in: C:\Users\heman\.gradle\native
Initialized jansi services in: C:\Users\heman\.gradle\native
The client will now receive all logging from the daemon (pid: 16128). The daemon log file: C:\Users\heman\.gradle\daemon\9.2.1\daemon-16128.out.log
Starting 6th build in daemon [uptime: 54 mins 34.194 secs, performance: 100%, GC rate: 0.00/s, heap usage: 0% of 2 GiB]
Using 8 worker leases.
Operational build model parameters: {requiresToolingModels=false, parallelProjectExecution=false, configureOnDemand=false, configurationCache=false, configurationCacheParallelStore=false, configurationCacheParallelLoad=true, isolatedProjects=false, parallelProjectConfiguration=false, intermediateModelCache=false, parallelToolingApiActions=false, invalidateCoupledProjects=false, modelAsProjectDependency=false, resilientModelBuilding=false}
Now considering [C:\Users\heman\Desktop\Mounisha_App] as hierarchies to watch
Watching the file system is configured to be enabled if available
File system watching is active
Starting Build
Resolved plugin [id: 'org.gradle.toolchains.foojay-resolver-convention', version: '1.0.0']
Settings evaluated using settings file 'C:\Users\heman\Desktop\Mounisha_App\settings.gradle.kts'.
Projects loaded. Root project using build file 'C:\Users\heman\Desktop\Mounisha_App\build.gradle.kts'.
Included projects: [root project 'PathoVision', project ':app']

> Configure project :
Evaluating root project 'PathoVision' using build file 'C:\Users\heman\Desktop\Mounisha_App\build.gradle.kts'.
Resolved plugin [id: 'com.android.application', version: '8.9.1', apply: false]
Resolved plugin [id: 'org.jetbrains.kotlin.android', version: '2.0.21', apply: false]
Resolved plugin [id: 'org.jetbrains.kotlin.plugin.compose', version: '2.0.21', apply: false]
Resolved plugin [id: 'com.google.dagger.hilt.android', version: '2.51.1', apply: false]
Resolved plugin [id: 'com.google.devtools.ksp', version: '2.0.21-1.0.27', apply: false]

> Configure project :app
Evaluating project ':app' using build file 'C:\Users\heman\Desktop\Mounisha_App\app\build.gradle.kts'.
Resolved plugin [id: 'com.android.application', version: '8.9.1']
Resolved plugin [id: 'org.jetbrains.kotlin.android', version: '2.0.21']
Resolved plugin [id: 'org.jetbrains.kotlin.plugin.compose', version: '2.0.21']
Resolved plugin [id: 'com.google.dagger.hilt.android', version: '2.51.1']
Resolved plugin [id: 'com.google.devtools.ksp', version: '2.0.21-1.0.27']
Using default execution profile
Using Kotlin Gradle Plugin gradle85 variant
Detected Android Gradle Plugin compose compiler configuration
Adding -Xuse-inline-scopes-numbers Kotlin compiler flag for task :app:compileDebugKotlin
Detected Android Gradle Plugin compose compiler configuration
Detected Android Gradle Plugin compose compiler configuration
Adding -Xuse-inline-scopes-numbers Kotlin compiler flag for task :app:compileDebugAndroidTestKotlin
Detected Android Gradle Plugin compose compiler configuration
Detected Android Gradle Plugin compose compiler configuration
All projects evaluated.
Task name matched 'build'
Selected primary task 'build' from project :
Tasks to be executed: [task ':app:preBuild', task ':app:preDebugBuild', task ':app:mergeDebugNativeDebugMetadata', task ':app:checkKotlinGradlePluginConfigurationErrors', task ':app:checkDebugAarMetadata', task ':app:generateDebugResValues', task ':app:mapDebugSourceSetPaths', task ':app:generateDebugResources', task ':app:mergeDebugResources', task ':app:packageDebugResources', task ':app:parseDebugLocalResources', task ':app:createDebugCompatibleScreenManifests', task ':app:extractDeepLinksDebug', task ':app:processDebugMainManifest', task ':app:processDebugManifest', task ':app:processDebugManifestForPackage', task ':app:processDebugResources', task ':app:kspDebugKotlin', task ':app:compileDebugKotlin', task ':app:javaPreCompileDebug', task ':app:compileDebugJavaWithJavac', task ':app:mergeDebugShaders', task ':app:compileDebugShaders', task ':app:generateDebugAssets', task ':app:mergeDebugAssets', task ':app:compressDebugAssets', task ':app:hiltAggregateDepsDebug', task ':app:hiltJavaCompileDebug', task ':app:processDebugJavaRes', task ':app:mergeDebugJavaResource', task ':app:checkDebugDuplicateClasses', task ':app:desugarDebugFileDependencies', task ':app:mergeExtDexDebug', task ':app:mergeLibDexDebug', task ':app:transformDebugClassesWithAsm', task ':app:dexBuilderDebug', task ':app:mergeProjectDexDebug', task ':app:mergeDebugJniLibFolders', task ':app:mergeDebugNativeLibs', task ':app:stripDebugDebugSymbols', task ':app:validateSigningDebug', task ':app:writeDebugAppMetadata', task ':app:writeDebugSigningConfigVersions', task ':app:packageDebug', task ':app:createDebugApkListingFileRedirect', task ':app:assembleDebug', task ':app:preReleaseBuild', task ':app:mergeReleaseJniLibFolders', task ':app:mergeReleaseNativeLibs', task ':app:stripReleaseDebugSymbols', task ':app:extractReleaseNativeSymbolTables', task ':app:mergeReleaseNativeDebugMetadata', task ':app:checkReleaseDuplicateClasses', task ':app:buildKotlinToolingMetadata', task ':app:checkReleaseAarMetadata', task ':app:generateReleaseResValues', task ':app:mapReleaseSourceSetPaths', task ':app:generateReleaseResources', task ':app:mergeReleaseResources', task ':app:packageReleaseResources', task ':app:parseReleaseLocalResources', task ':app:createReleaseCompatibleScreenManifests', task ':app:extractDeepLinksRelease', task ':app:processReleaseMainManifest', task ':app:processReleaseManifest', task ':app:processReleaseManifestForPackage', task ':app:processReleaseResources', task ':app:kspReleaseKotlin', task ':app:compileReleaseKotlin', task ':app:javaPreCompileRelease', task ':app:compileReleaseJavaWithJavac', task ':app:hiltAggregateDepsRelease', task ':app:hiltJavaCompileRelease', task ':app:transformReleaseClassesWithAsm', task ':app:dexBuilderRelease', task ':app:desugarReleaseFileDependencies', task ':app:mergeReleaseStartupProfile', task ':app:mergeExtDexRelease', task ':app:mergeDexRelease', task ':app:mergeReleaseArtProfile', task ':app:mergeReleaseGlobalSynthetics', task ':app:compileReleaseArtProfile', task ':app:mergeReleaseShaders', task ':app:compileReleaseShaders', task ':app:generateReleaseAssets', task ':app:mergeReleaseAssets', task ':app:compressReleaseAssets', task ':app:extractReleaseVersionControlInfo', task ':app:extractProguardFiles', task ':app:generateReleaseLintVitalReportModel', task ':app:lintVitalAnalyzeRelease', task ':app:lintVitalReportRelease', task ':app:lintVitalRelease', task ':app:processReleaseJavaRes', task ':app:mergeReleaseJavaResource', task ':app:optimizeReleaseResources', task ':app:collectReleaseDependencies', task ':app:sdkReleaseDependencyData', task ':app:writeReleaseAppMetadata', task ':app:writeReleaseSigningConfigVersions', task ':app:packageRelease', task ':app:createReleaseApkListingFileRedirect', task ':app:assembleRelease', task ':app:assemble', task ':app:bundleDebugClassesToCompileJar', task ':app:preDebugAndroidTestBuild', task ':app:generateDebugAndroidTestResValues', task ':app:generateDebugAndroidTestLintModel', task ':app:generateDebugLintReportModel', task ':app:preDebugUnitTestBuild', task ':app:generateDebugUnitTestLintModel', task ':app:lintAnalyzeDebug', task ':app:lintAnalyzeDebugAndroidTest', task ':app:lintAnalyzeDebugUnitTest', task ':app:lintReportDebug', task ':app:lintDebug', task ':app:lint', task ':app:bundleDebugClassesToRuntimeJar', task ':app:kspDebugUnitTestKotlin', task ':app:compileDebugUnitTestKotlin', task ':app:javaPreCompileDebugUnitTest', task ':app:compileDebugUnitTestJavaWithJavac', task ':app:hiltAggregateDepsDebugUnitTest', task ':app:hiltJavaCompileDebugUnitTest', task ':app:processDebugUnitTestJavaRes', task ':app:transformDebugUnitTestClassesWithAsm', task ':app:testDebugUnitTest', task ':app:bundleReleaseClassesToRuntimeJar', task ':app:preReleaseUnitTestBuild', task ':app:bundleReleaseClassesToCompileJar', task ':app:kspReleaseUnitTestKotlin', task ':app:compileReleaseUnitTestKotlin', task ':app:javaPreCompileReleaseUnitTest', task ':app:compileReleaseUnitTestJavaWithJavac', task ':app:hiltAggregateDepsReleaseUnitTest', task ':app:hiltJavaCompileReleaseUnitTest', task ':app:processReleaseUnitTestJavaRes', task ':app:transformReleaseUnitTestClassesWithAsm', task ':app:testReleaseUnitTest', task ':app:test', task ':app:check', task ':app:build']
Tasks that were excluded: []
work action Parameters of IdentityTransform (Thread[#674,Execution worker,5,main]) started.
work action Parameters of CopyTransform (Thread[#674,Execution worker,5,main]) started.
work action Parameters of AggregatedPackagesTransform (Thread[#674,Execution worker,5,main]) started.
Resolve mutations for :app:preBuild (Thread[#677,Execution worker Thread 4,5,main]) started.
:app:preBuild (Thread[#677,Execution worker Thread 4,5,main]) started.

> Task :app:preBuild UP-TO-DATE
Skipping task ':app:preBuild' as it has no actions.
Resolve mutations for :app:preDebugBuild (Thread[#677,Execution worker Thread 4,5,main]) started.
:app:preDebugBuild (Thread[#677,Execution worker Thread 4,5,main]) started.

> Task :app:preDebugBuild UP-TO-DATE
Skipping task ':app:preDebugBuild' as it has no actions.
Resolve mutations for :app:mergeDebugNativeDebugMetadata (Thread[#677,Execution worker Thread 4,5,main]) started.
:app:mergeDebugNativeDebugMetadata (Thread[#677,Execution worker Thread 4,5,main]) started.

> Task :app:mergeDebugNativeDebugMetadata NO-SOURCE
Skipping task ':app:mergeDebugNativeDebugMetadata' as it has no source files and no previous output files.
Resolve mutations for :app:checkKotlinGradlePluginConfigurationErrors (Thread[#677,Execution worker Thread 4,5,main]) started.
:app:checkKotlinGradlePluginConfigurationErrors (Thread[#677,Execution worker Thread 4,5,main]) started.

> Task :app:checkKotlinGradlePluginConfigurationErrors SKIPPED
Skipping task ':app:checkKotlinGradlePluginConfigurationErrors' as task onlyIf 'errorDiagnostics are present' is false.
Resolve mutations for :app:checkDebugAarMetadata (Thread[#677,Execution worker Thread 4,5,main]) started.
:app:checkDebugAarMetadata (Thread[#677,Execution worker Thread 4,5,main]) started.

> Task :app:checkDebugAarMetadata UP-TO-DATE
Caching disabled for task ':app:checkDebugAarMetadata' because:
  Build cache is disabled
  Caching has been disabled for the task
Skipping task ':app:checkDebugAarMetadata' as it is up-to-date.
Resolve mutations for :app:generateDebugResValues (Thread[#677,Execution worker Thread 4,5,main]) started.
:app:generateDebugResValues (Thread[#677,Execution worker Thread 4,5,main]) started.

> Task :app:generateDebugResValues UP-TO-DATE
Caching disabled for task ':app:generateDebugResValues' because:
  Build cache is disabled
Skipping task ':app:generateDebugResValues' as it is up-to-date.
Resolve mutations for :app:mapDebugSourceSetPaths (Thread[#677,Execution worker Thread 4,5,main]) started.
:app:mapDebugSourceSetPaths (Thread[#677,Execution worker Thread 4,5,main]) started.

> Task :app:mapDebugSourceSetPaths UP-TO-DATE
Caching disabled for task ':app:mapDebugSourceSetPaths' because:
  Build cache is disabled
  Caching has been disabled for the task
Skipping task ':app:mapDebugSourceSetPaths' as it is up-to-date.
Resolve mutations for :app:generateDebugResources (Thread[#677,Execution worker Thread 4,5,main]) started.
:app:generateDebugResources (Thread[#677,Execution worker Thread 4,5,main]) started.

> Task :app:generateDebugResources UP-TO-DATE
Caching disabled for task ':app:generateDebugResources' because:
  Build cache is disabled
Skipping task ':app:generateDebugResources' as it is up-to-date.
Resolve mutations for :app:mergeDebugResources (Thread[#677,Execution worker Thread 4,5,main]) started.
:app:mergeDebugResources (Thread[#677,Execution worker Thread 4,5,main]) started.

> Task :app:mergeDebugResources UP-TO-DATE
Caching disabled for task ':app:mergeDebugResources' because:
  Build cache is disabled
Skipping task ':app:mergeDebugResources' as it is up-to-date.
Resolve mutations for :app:packageDebugResources (Thread[#677,Execution worker Thread 4,5,main]) started.
:app:packageDebugResources (Thread[#677,Execution worker Thread 4,5,main]) started.

> Task :app:packageDebugResources UP-TO-DATE
Caching disabled for task ':app:packageDebugResources' because:
  Build cache is disabled
Skipping task ':app:packageDebugResources' as it is up-to-date.
Resolve mutations for :app:parseDebugLocalResources (Thread[#677,Execution worker Thread 4,5,main]) started.
:app:parseDebugLocalResources (Thread[#677,Execution worker Thread 4,5,main]) started.

> Task :app:parseDebugLocalResources UP-TO-DATE
Caching disabled for task ':app:parseDebugLocalResources' because:
  Build cache is disabled
Skipping task ':app:parseDebugLocalResources' as it is up-to-date.
Resolve mutations for :app:createDebugCompatibleScreenManifests (Thread[#677,Execution worker Thread 4,5,main]) started.
:app:createDebugCompatibleScreenManifests (Thread[#677,Execution worker Thread 4,5,main]) started.

> Task :app:createDebugCompatibleScreenManifests UP-TO-DATE
Caching disabled for task ':app:createDebugCompatibleScreenManifests' because:
  Build cache is disabled
  Caching has been disabled for the task
Skipping task ':app:createDebugCompatibleScreenManifests' as it is up-to-date.
Resolve mutations for :app:extractDeepLinksDebug (Thread[#677,Execution worker Thread 4,5,main]) started.
:app:extractDeepLinksDebug (Thread[#677,Execution worker Thread 4,5,main]) started.

> Task :app:extractDeepLinksDebug UP-TO-DATE
Caching disabled for task ':app:extractDeepLinksDebug' because:
  Build cache is disabled
Skipping task ':app:extractDeepLinksDebug' as it is up-to-date.
Resolve mutations for :app:processDebugMainManifest (Thread[#677,Execution worker Thread 4,5,main]) started.
:app:processDebugMainManifest (Thread[#677,Execution worker Thread 4,5,main]) started.

> Task :app:processDebugMainManifest UP-TO-DATE
Caching disabled for task ':app:processDebugMainManifest' because:
  Build cache is disabled
Skipping task ':app:processDebugMainManifest' as it is up-to-date.
Resolve mutations for :app:processDebugManifest (Thread[#677,Execution worker Thread 4,5,main]) started.
:app:processDebugManifest (Thread[#677,Execution worker Thread 4,5,main]) started.

> Task :app:processDebugManifest UP-TO-DATE
Caching disabled for task ':app:processDebugManifest' because:
  Build cache is disabled
Skipping task ':app:processDebugManifest' as it is up-to-date.
Resolve mutations for :app:processDebugManifestForPackage (Thread[#677,Execution worker Thread 4,5,main]) started.
:app:processDebugManifestForPackage (Thread[#677,Execution worker Thread 4,5,main]) started.

> Task :app:processDebugManifestForPackage UP-TO-DATE
Custom actions are attached to task ':app:processDebugManifestForPackage'.
Caching disabled for task ':app:processDebugManifestForPackage' because:
  Build cache is disabled
Skipping task ':app:processDebugManifestForPackage' as it is up-to-date.
Resolve mutations for :app:processDebugResources (Thread[#677,Execution worker Thread 4,5,main]) started.
:app:processDebugResources (Thread[#677,Execution worker Thread 4,5,main]) started.

> Task :app:processDebugResources UP-TO-DATE
Caching disabled for task ':app:processDebugResources' because:
  Build cache is disabled
Skipping task ':app:processDebugResources' as it is up-to-date.
Resolve mutations for :app:kspDebugKotlin (Thread[#677,Execution worker Thread 4,5,main]) started.
:app:kspDebugKotlin (Thread[#677,Execution worker Thread 4,5,main]) started.
Resolve mutations for :app:javaPreCompileDebug (Thread[#676,Execution worker Thread 3,5,main]) started.
:app:javaPreCompileDebug (Thread[#676,Execution worker Thread 3,5,main]) started.

> Task :app:javaPreCompileDebug UP-TO-DATE
Caching disabled for task ':app:javaPreCompileDebug' because:
  Build cache is disabled
Skipping task ':app:javaPreCompileDebug' as it is up-to-date.
Resolve mutations for :app:mergeDebugShaders (Thread[#676,Execution worker Thread 3,5,main]) started.
:app:mergeDebugShaders (Thread[#676,Execution worker Thread 3,5,main]) started.

> Task :app:mergeDebugShaders UP-TO-DATE
Caching disabled for task ':app:mergeDebugShaders' because:
  Build cache is disabled
  Simple merging task
Skipping task ':app:mergeDebugShaders' as it is up-to-date.
Resolve mutations for :app:compileDebugShaders (Thread[#676,Execution worker Thread 3,5,main]) started.
:app:compileDebugShaders (Thread[#676,Execution worker Thread 3,5,main]) started.

> Task :app:compileDebugShaders NO-SOURCE
Skipping task ':app:compileDebugShaders' as it has no source files and no previous output files.
Resolve mutations for :app:generateDebugAssets (Thread[#676,Execution worker Thread 3,5,main]) started.
:app:generateDebugAssets (Thread[#674,Execution worker,5,main]) started.

> Task :app:generateDebugAssets UP-TO-DATE
Skipping task ':app:generateDebugAssets' as it has no actions.
Resolve mutations for :app:mergeDebugAssets (Thread[#674,Execution worker,5,main]) started.
:app:mergeDebugAssets (Thread[#674,Execution worker,5,main]) started.

> Task :app:mergeDebugAssets UP-TO-DATE
Caching disabled for task ':app:mergeDebugAssets' because:
  Build cache is disabled
  Simple merging task
Skipping task ':app:mergeDebugAssets' as it is up-to-date.
Resolve mutations for :app:compressDebugAssets (Thread[#674,Execution worker,5,main]) started.
:app:compressDebugAssets (Thread[#674,Execution worker,5,main]) started.

> Task :app:compressDebugAssets UP-TO-DATE
Caching disabled for task ':app:compressDebugAssets' because:
  Build cache is disabled
Skipping task ':app:compressDebugAssets' as it is up-to-date.
Resolve mutations for :app:checkDebugDuplicateClasses (Thread[#674,Execution worker,5,main]) started.
:app:checkDebugDuplicateClasses (Thread[#674,Execution worker,5,main]) started.

> Task :app:checkDebugDuplicateClasses UP-TO-DATE
Caching disabled for task ':app:checkDebugDuplicateClasses' because:
  Build cache is disabled
  Caching has been disabled for the task
Skipping task ':app:checkDebugDuplicateClasses' as it is up-to-date.
Resolve mutations for :app:desugarDebugFileDependencies (Thread[#674,Execution worker,5,main]) started.
:app:desugarDebugFileDependencies (Thread[#674,Execution worker,5,main]) started.

> Task :app:desugarDebugFileDependencies UP-TO-DATE
Caching disabled for task ':app:desugarDebugFileDependencies' because:
  Build cache is disabled
Skipping task ':app:desugarDebugFileDependencies' as it is up-to-date.
Resolve mutations for :app:mergeExtDexDebug (Thread[#674,Execution worker,5,main]) started.
:app:mergeExtDexDebug (Thread[#674,Execution worker,5,main]) started.

> Task :app:mergeExtDexDebug UP-TO-DATE
Caching disabled for task ':app:mergeExtDexDebug' because:
  Build cache is disabled
Skipping task ':app:mergeExtDexDebug' as it is up-to-date.
Resolve mutations for :app:mergeLibDexDebug (Thread[#674,Execution worker,5,main]) started.
:app:mergeLibDexDebug (Thread[#674,Execution worker,5,main]) started.

> Task :app:mergeLibDexDebug UP-TO-DATE
Caching disabled for task ':app:mergeLibDexDebug' because:
  Build cache is disabled
Skipping task ':app:mergeLibDexDebug' as it is up-to-date.
Resolve mutations for :app:mergeDebugJniLibFolders (Thread[#674,Execution worker,5,main]) started.
:app:mergeDebugJniLibFolders (Thread[#674,Execution worker,5,main]) started.

> Task :app:mergeDebugJniLibFolders UP-TO-DATE
Caching disabled for task ':app:mergeDebugJniLibFolders' because:
  Build cache is disabled
  Simple merging task
Skipping task ':app:mergeDebugJniLibFolders' as it is up-to-date.
Resolve mutations for :app:mergeDebugNativeLibs (Thread[#674,Execution worker,5,main]) started.
:app:mergeDebugNativeLibs (Thread[#674,Execution worker,5,main]) started.

> Task :app:mergeDebugNativeLibs UP-TO-DATE
Caching disabled for task ':app:mergeDebugNativeLibs' because:
  Build cache is disabled
  Caching has been disabled for the task
Skipping task ':app:mergeDebugNativeLibs' as it is up-to-date.
Resolve mutations for :app:stripDebugDebugSymbols (Thread[#674,Execution worker,5,main]) started.
:app:stripDebugDebugSymbols (Thread[#674,Execution worker,5,main]) started.

> Task :app:stripDebugDebugSymbols UP-TO-DATE
Caching disabled for task ':app:stripDebugDebugSymbols' because:
  Build cache is disabled
  Caching has been disabled for the task
Skipping task ':app:stripDebugDebugSymbols' as it is up-to-date.
Resolve mutations for :app:validateSigningDebug (Thread[#674,Execution worker,5,main]) started.
:app:validateSigningDebug (Thread[#674,Execution worker,5,main]) started.

> Task :app:validateSigningDebug UP-TO-DATE
Caching disabled for task ':app:validateSigningDebug' because:
  Build cache is disabled
  Caching has been disabled for the task
Skipping task ':app:validateSigningDebug' as it is up-to-date.
Resolve mutations for :app:writeDebugAppMetadata (Thread[#674,Execution worker,5,main]) started.
:app:writeDebugAppMetadata (Thread[#674,Execution worker,5,main]) started.

> Task :app:writeDebugAppMetadata UP-TO-DATE
Caching disabled for task ':app:writeDebugAppMetadata' because:
  Build cache is disabled
  Caching has been disabled for the task
Skipping task ':app:writeDebugAppMetadata' as it is up-to-date.
Resolve mutations for :app:writeDebugSigningConfigVersions (Thread[#674,Execution worker,5,main]) started.
:app:writeDebugSigningConfigVersions (Thread[#674,Execution worker,5,main]) started.

> Task :app:writeDebugSigningConfigVersions UP-TO-DATE
Caching disabled for task ':app:writeDebugSigningConfigVersions' because:
  Build cache is disabled
  Caching has been disabled for the task
Skipping task ':app:writeDebugSigningConfigVersions' as it is up-to-date.
Resolve mutations for :app:preReleaseBuild (Thread[#674,Execution worker,5,main]) started.
:app:preReleaseBuild (Thread[#674,Execution worker,5,main]) started.

> Task :app:preReleaseBuild UP-TO-DATE
Skipping task ':app:preReleaseBuild' as it has no actions.
Resolve mutations for :app:mergeReleaseJniLibFolders (Thread[#674,Execution worker,5,main]) started.
:app:mergeReleaseJniLibFolders (Thread[#674,Execution worker,5,main]) started.

> Task :app:mergeReleaseJniLibFolders
Caching disabled for task ':app:mergeReleaseJniLibFolders' because:
  Build cache is disabled
  Simple merging task
Task ':app:mergeReleaseJniLibFolders' is not up-to-date because:
  No history is available.
The input changes require a full rebuild for incremental task ':app:mergeReleaseJniLibFolders'.
Resolve mutations for :app:mergeReleaseNativeLibs (Thread[#674,Execution worker,5,main]) started.
:app:mergeReleaseNativeLibs (Thread[#674,Execution worker,5,main]) started.

> Task :app:kspDebugKotlin
file or directory 'C:\Users\heman\Desktop\Mounisha_App\app\src\debug\kotlin', not found
file or directory 'C:\Users\heman\Desktop\Mounisha_App\app\src\debug\java', not found
file or directory 'C:\Users\heman\Desktop\Mounisha_App\app\src\main\kotlin', not found
file or directory 'C:\Users\heman\Desktop\Mounisha_App\app\src\debug\java', not found
file or directory 'C:\Users\heman\Desktop\Mounisha_App\app\src\debug\kotlin', not found
file or directory 'C:\Users\heman\Desktop\Mounisha_App\app\src\debug\java', not found
file or directory 'C:\Users\heman\Desktop\Mounisha_App\app\src\main\kotlin', not found
file or directory 'C:\Users\heman\Desktop\Mounisha_App\app\src\debug\java', not found
Caching disabled for task ':app:kspDebugKotlin' because:
  Build cache is disabled
Task ':app:kspDebugKotlin' is not up-to-date because:
  Input property 'sources' file C:\Users\heman\Desktop\Mounisha_App\app\src\main\java\com\simats\pathovision\network\ApiService.kt has changed.
  Input property 'sources' file C:\Users\heman\Desktop\Mounisha_App\app\src\main\java\com\simats\pathovision\ui\dashboard\PathologistDashboard.kt has changed.
  Input property 'sources' file C:\Users\heman\Desktop\Mounisha_App\app\src\main\java\com\simats\pathovision\ui\main\MainScreen.kt has changed.
  and more...
file or directory 'C:\Users\heman\Desktop\Mounisha_App\app\src\debug\kotlin', not found
file or directory 'C:\Users\heman\Desktop\Mounisha_App\app\src\debug\java', not found
file or directory 'C:\Users\heman\Desktop\Mounisha_App\app\src\main\kotlin', not found
file or directory 'C:\Users\heman\Desktop\Mounisha_App\app\src\debug\java', not found
file or directory 'C:\Users\heman\Desktop\Mounisha_App\app\src\debug\kotlin', not found
file or directory 'C:\Users\heman\Desktop\Mounisha_App\app\src\debug\java', not found
file or directory 'C:\Users\heman\Desktop\Mounisha_App\app\src\main\kotlin', not found
file or directory 'C:\Users\heman\Desktop\Mounisha_App\app\src\debug\java', not found
file or directory 'C:\Users\heman\Desktop\Mounisha_App\app\src\debug\kotlin', not found
file or directory 'C:\Users\heman\Desktop\Mounisha_App\app\src\debug\java', not found
file or directory 'C:\Users\heman\Desktop\Mounisha_App\app\src\main\kotlin', not found
file or directory 'C:\Users\heman\Desktop\Mounisha_App\app\src\debug\java', not found
file or directory 'C:\Users\heman\Desktop\Mounisha_App\app\src\debug\kotlin', not found
file or directory 'C:\Users\heman\Desktop\Mounisha_App\app\src\debug\java', not found
file or directory 'C:\Users\heman\Desktop\Mounisha_App\app\src\main\kotlin', not found
file or directory 'C:\Users\heman\Desktop\Mounisha_App\app\src\debug\java', not found
Kotlin source files: C:\Users\heman\Desktop\Mounisha_App\app\src\main\java\com\simats\pathovision\di\AppModule.kt, C:\Users\heman\Desktop\Mounisha_App\app\src\main\java\com\simats\pathovision\MainActivity.kt, C:\Users\heman\Desktop\Mounisha_App\app\src\main\java\com\simats\pathovision\models\AuthModels.kt, C:\Users\heman\Desktop\Mounisha_App\app\src\main\java\com\simats\pathovision\models\CaseModels.kt, C:\Users\heman\Desktop\Mounisha_App\app\src\main\java\com\simats\pathovision\models\ChatModels.kt, C:\Users\heman\Desktop\Mounisha_App\app\src\main\java\com\simats\pathovision\navigation\NavGraph.kt, C:\Users\heman\Desktop\Mounisha_App\app\src\main\java\com\simats\pathovision\navigation\Screen.kt, C:\Users\heman\Desktop\Mounisha_App\app\src\main\java\com\simats\pathovision\network\ApiService.kt, C:\Users\heman\Desktop\Mounisha_App\app\src\main\java\com\simats\pathovision\network\RetrofitClient.kt, C:\Users\heman\Desktop\Mounisha_App\app\src\main\java\com\simats\pathovision\PathoVisionApplication.kt, C:\Users\heman\Desktop\Mounisha_App\app\src\main\java\com\simats\pathovision\repository\AuthRepository.kt, C:\Users\heman\Desktop\Mounisha_App\app\src\main\java\com\simats\pathovision\repository\CaseRepository.kt, C:\Users\heman\Desktop\Mounisha_App\app\src\main\java\com\simats\pathovision\repository\ChatRepository.kt, C:\Users\heman\Desktop\Mounisha_App\app\src\main\java\com\simats\pathovision\repository\ProfileRepository.kt, C:\Users\heman\Desktop\Mounisha_App\app\src\main\java\com\simats\pathovision\ui\analysis\AnalysisListScreen.kt, C:\Users\heman\Desktop\Mounisha_App\app\src\main\java\com\simats\pathovision\ui\analysis\AnalysisScreen.kt, C:\Users\heman\Desktop\Mounisha_App\app\src\main\java\com\simats\pathovision\ui\analysis\AnalysisViewModel.kt, C:\Users\heman\Desktop\Mounisha_App\app\src\main\java\com\simats\pathovision\ui\cases\CasesScreen.kt, C:\Users\heman\Desktop\Mounisha_App\app\src\main\java\com\simats\pathovision\ui\cases\CasesViewModel.kt, C:\Users\heman\Desktop\Mounisha_App\app\src\main\java\com\simats\pathovision\ui\cases\NewCaseScreen.kt, C:\Users\heman\Desktop\Mounisha_App\app\src\main\java\com\simats\pathovision\ui\chat\ChatDetailScreen.kt, C:\Users\heman\Desktop\Mounisha_App\app\src\main\java\com\simats\pathovision\ui\chat\ChatViewModel.kt, C:\Users\heman\Desktop\Mounisha_App\app\src\main\java\com\simats\pathovision\ui\chat\MessagesScreen.kt, C:\Users\heman\Desktop\Mounisha_App\app\src\main\java\com\simats\pathovision\ui\dashboard\PathologistDashboard.kt, C:\Users\heman\Desktop\Mounisha_App\app\src\main\java\com\simats\pathovision\ui\login\LoginScreen.kt, C:\Users\heman\Desktop\Mounisha_App\app\src\main\java\com\simats\pathovision\ui\login\LoginViewModel.kt, C:\Users\heman\Desktop\Mounisha_App\app\src\main\java\com\simats\pathovision\ui\main\MainScreen.kt, C:\Users\heman\Desktop\Mounisha_App\app\src\main\java\com\simats\pathovision\ui\profile\EditProfileScreen.kt, C:\Users\heman\Desktop\Mounisha_App\app\src\main\java\com\simats\pathovision\ui\profile\ProfileScreen.kt, C:\Users\heman\Desktop\Mounisha_App\app\src\main\java\com\simats\pathovision\ui\profile\ProfileViewModel.kt, C:\Users\heman\Desktop\Mounisha_App\app\src\main\java\com\simats\pathovision\ui\register\RegisterScreen.kt, C:\Users\heman\Desktop\Mounisha_App\app\src\main\java\com\simats\pathovision\ui\register\RegisterViewModel.kt, C:\Users\heman\Desktop\Mounisha_App\app\src\main\java\com\simats\pathovision\ui\roleselect\SelectRoleScreen.kt, C:\Users\heman\Desktop\Mounisha_App\app\src\main\java\com\simats\pathovision\ui\settings\ChangePasswordScreen.kt, C:\Users\heman\Desktop\Mounisha_App\app\src\main\java\com\simats\pathovision\ui\settings\ChangePasswordViewModel.kt, C:\Users\heman\Desktop\Mounisha_App\app\src\main\java\com\simats\pathovision\ui\settings\SettingsScreen.kt, C:\Users\heman\Desktop\Mounisha_App\app\src\main\java\com\simats\pathovision\ui\splash\SplashScreen.kt, C:\Users\heman\Desktop\Mounisha_App\app\src\main\java\com\simats\pathovision\ui\splash\SplashViewModel.kt, C:\Users\heman\Desktop\Mounisha_App\app\src\main\java\com\simats\pathovision\ui\theme\Color.kt, C:\Users\heman\Desktop\Mounisha_App\app\src\main\java\com\simats\pathovision\ui\theme\Theme.kt, C:\Users\heman\Desktop\Mounisha_App\app\src\main\java\com\simats\pathovision\ui\theme\Type.kt, C:\Users\heman\Desktop\Mounisha_App\app\src\main\java\com\simats\pathovision\utils\Constants.kt, C:\Users\heman\Desktop\Mounisha_App\app\src\main\java\com\simats\pathovision\utils\Resource.kt, C:\Users\heman\Desktop\Mounisha_App\app\src\main\java\com\simats\pathovision\utils\TokenManager.kt, C:\Users\heman\Desktop\Mounisha_App\app\src\main\java\com\simats\pathovision\utils\UrlUtils.kt
Java source files: 
Script source files: 
Script file extensions: 
[KOTLIN] Kotlin compilation 'jdkHome' argument: null

Resolve mutations for :app:checkReleaseDuplicateClasses (Thread[#680,Execution worker Thread 7,5,main]) started.
:app:checkReleaseDuplicateClasses (Thread[#680,Execution worker Thread 7,5,main]) started.

> Task :app:mergeReleaseNativeLibs
Caching disabled for ExtractAarTransform: C:\Users\heman\.gradle\caches\modules-2\files-2.1\androidx.compose.foundation\foundation-layout-android\1.7.2\223276b3d0cb07892435be2300216053304de831\foundation-layout-release.aar because:
  Build cache is disabled
  Caching not enabled.
Caching disabled for ExtractAarTransform: C:\Users\heman\.gradle\caches\modules-2\files-2.1\androidx.compose.animation\animation-android\1.7.2\b56d4debbac312e240907e37967d3c19631bced2\animation-release.aar because:
  Build cache is disabled
  Caching not enabled.
Caching disabled for ExtractAarTransform: C:\Users\heman\.gradle\caches\modules-2\files-2.1\androidx.compose.animation\animation-core-android\1.7.2\e00dfb3540c73196c4ad2286335adf9b5af03249\animation-core-release.aar because:
  Build cache is disabled
  Caching not enabled.
Caching disabled for ExtractAarTransform: C:\Users\heman\.gradle\caches\modules-2\files-2.1\androidx.compose.foundation\foundation-android\1.7.2\d387fa57c5cae1fe097c0246d2f7508efb5fecc4\foundation-release.aar because:
  Build cache is disabled
  Caching not enabled.
Caching disabled for AarTransform: C:\Users\heman\.gradle\caches\9.2.1\transforms\b3dd4bfb31c9fcb09838c872b067ff9b\workspace\transformed\foundation-layout-release because:
  Build cache is disabled
  Caching not enabled.
Caching disabled for AarTransform: C:\Users\heman\.gradle\caches\9.2.1\transforms\65bd61aaf8b31a31f83a8c7851ffc502\workspace\transformed\animation-release because:
  Build cache is disabled
  Caching not enabled.
Caching disabled for AarTransform: C:\Users\heman\.gradle\caches\9.2.1\transforms\d971cd14fb7c999295bda2bb91f6b5d8\workspace\transformed\animation-core-release because:
  Build cache is disabled
  Caching not enabled.
Caching disabled for AarTransform: C:\Users\heman\.gradle\caches\9.2.1\transforms\2464d4bded46b52a1c46d88aa6e0fb96\workspace\transformed\foundation-release because:
  Build cache is disabled
  Caching not enabled.
Caching disabled for task ':app:mergeReleaseNativeLibs' because:
  Build cache is disabled
  Caching has been disabled for the task
Task ':app:mergeReleaseNativeLibs' is not up-to-date because:
  No history is available.

> Task :app:checkReleaseDuplicateClasses
Caching disabled for AarToClassTransform: C:\Users\heman\.gradle\caches\modules-2\files-2.1\androidx.compose.foundation\foundation-layout-android\1.7.2\223276b3d0cb07892435be2300216053304de831\foundation-layout-release.aar because:
  Build cache is disabled
  Caching not enabled.
Caching disabled for AarToClassTransform: C:\Users\heman\.gradle\caches\modules-2\files-2.1\androidx.compose.animation\animation-core-android\1.7.2\e00dfb3540c73196c4ad2286335adf9b5af03249\animation-core-release.aar because:
  Build cache is disabled
  Caching not enabled.
Caching disabled for AarToClassTransform: C:\Users\heman\.gradle\caches\modules-2\files-2.1\androidx.compose.animation\animation-android\1.7.2\b56d4debbac312e240907e37967d3c19631bced2\animation-release.aar because:
  Build cache is disabled
  Caching not enabled.
Caching disabled for AarToClassTransform: C:\Users\heman\.gradle\caches\modules-2\files-2.1\androidx.compose.foundation\foundation-android\1.7.2\d387fa57c5cae1fe097c0246d2f7508efb5fecc4\foundation-release.aar because:
  Build cache is disabled
  Caching not enabled.
Caching disabled for EnumerateClassesTransform: C:\Users\heman\.gradle\caches\9.2.1\transforms\96c95a3bad28cd24cccce386ecfad432\workspace\transformed\animation-core-release-runtime.jar because:
  Build cache is disabled
Caching disabled for EnumerateClassesTransform: C:\Users\heman\.gradle\caches\9.2.1\transforms\b956a8494dcbbf000098fa654ab4a963\workspace\transformed\animation-release-runtime.jar because:
  Build cache is disabled
Caching disabled for EnumerateClassesTransform: C:\Users\heman\.gradle\caches\9.2.1\transforms\7432d8cc0c7194e534dbe05c299bdf79\workspace\transformed\foundation-layout-release-runtime.jar because:
  Build cache is disabled
Caching disabled for EnumerateClassesTransform: C:\Users\heman\.gradle\caches\9.2.1\transforms\1be507b4db08e5d8106e299311aa361d\workspace\transformed\foundation-release-runtime.jar because:
  Build cache is disabled
Caching disabled for task ':app:checkReleaseDuplicateClasses' because:
  Build cache is disabled
  Caching has been disabled for the task
Task ':app:checkReleaseDuplicateClasses' is not up-to-date because:
  No history is available.

Resolve mutations for :app:stripReleaseDebugSymbols (Thread[#674,Execution worker,5,main]) started.
:app:stripReleaseDebugSymbols (Thread[#674,Execution worker,5,main]) started.
Resolve mutations for :app:buildKotlinToolingMetadata (Thread[#675,Execution worker Thread 2,5,main]) started.
:app:buildKotlinToolingMetadata (Thread[#675,Execution worker Thread 2,5,main]) started.

> Task :app:buildKotlinToolingMetadata
Caching disabled for task ':app:buildKotlinToolingMetadata' because:
  Build cache is disabled
  Caching has been disabled for the task
Task ':app:buildKotlinToolingMetadata' is not up-to-date because:
  No history is available.
Resolve mutations for :app:checkReleaseAarMetadata (Thread[#675,Execution worker Thread 2,5,main]) started.
:app:checkReleaseAarMetadata (Thread[#675,Execution worker Thread 2,5,main]) started.
Resolve mutations for :app:generateReleaseResValues (Thread[#678,Execution worker Thread 5,5,main]) started.
:app:generateReleaseResValues (Thread[#678,Execution worker Thread 5,5,main]) started.

> Task :app:generateReleaseResValues
Caching disabled for task ':app:generateReleaseResValues' because:
  Build cache is disabled
Task ':app:generateReleaseResValues' is not up-to-date because:
  No history is available.
Resolve mutations for :app:mapReleaseSourceSetPaths (Thread[#678,Execution worker Thread 5,5,main]) started.
:app:mapReleaseSourceSetPaths (Thread[#678,Execution worker Thread 5,5,main]) started.

> Task :app:mapReleaseSourceSetPaths
Caching disabled for AarTransform: C:\Users\heman\.gradle\caches\9.2.1\transforms\b3dd4bfb31c9fcb09838c872b067ff9b\workspace\transformed\foundation-layout-release because:
  Build cache is disabled
  Caching not enabled.
Caching disabled for AarTransform: C:\Users\heman\.gradle\caches\9.2.1\transforms\2464d4bded46b52a1c46d88aa6e0fb96\workspace\transformed\foundation-release because:
  Build cache is disabled
  Caching not enabled.
Caching disabled for AarTransform: C:\Users\heman\.gradle\caches\9.2.1\transforms\d971cd14fb7c999295bda2bb91f6b5d8\workspace\transformed\animation-core-release because:
  Build cache is disabled
  Caching not enabled.
Caching disabled for AarTransform: C:\Users\heman\.gradle\caches\9.2.1\transforms\65bd61aaf8b31a31f83a8c7851ffc502\workspace\transformed\animation-release because:
  Build cache is disabled
  Caching not enabled.
Caching disabled for task ':app:mapReleaseSourceSetPaths' because:
  Build cache is disabled
  Caching has been disabled for the task
Task ':app:mapReleaseSourceSetPaths' is not up-to-date because:
  No history is available.
Resolve mutations for :app:generateReleaseResources (Thread[#678,Execution worker Thread 5,5,main]) started.
:app:generateReleaseResources (Thread[#678,Execution worker Thread 5,5,main]) started.

> Task :app:stripReleaseDebugSymbols
Caching disabled for task ':app:stripReleaseDebugSymbols' because:
  Build cache is disabled
  Caching has been disabled for the task
Task ':app:stripReleaseDebugSymbols' is not up-to-date because:
  No history is available.
The input changes require a full rebuild for incremental task ':app:stripReleaseDebugSymbols'.
C/C++: android.ndkVersion from module build.gradle is [27.0.12077973]
C/C++: android.ndkVersion from module build.gradle is [27.0.12077973]
C/C++: android.ndkPath from module build.gradle is not set
C/C++: ndk.dir in local.properties is not set
C/C++: Not considering ANDROID_NDK_HOME because support was removed after deprecation period.
C/C++: android.ndkVersion from module build.gradle is [27.0.12077973]
C/C++: sdkFolder is C:\Users\heman\AppData\Local\Android\Sdk
C/C++: android.ndkVersion from module build.gradle is [27.0.12077973]
C/C++: android.ndkVersion from module build.gradle is [27.0.12077973]
C/C++: android.ndkPath from module build.gradle is not set
C/C++: android.ndkPath from module build.gradle is not set
C/C++: android.ndkPath from module build.gradle is not set
C/C++: ndk.dir in local.properties is not set
C/C++: ndk.dir in local.properties is not set
C/C++: android.ndkPath from module build.gradle is not set
C/C++: Not considering ANDROID_NDK_HOME because support was removed after deprecation period.
C/C++: Not considering ANDROID_NDK_HOME because support was removed after deprecation period.
C/C++: ndk.dir in local.properties is not set
C/C++: sdkFolder is C:\Users\heman\AppData\Local\Android\Sdk
C/C++: sdkFolder is C:\Users\heman\AppData\Local\Android\Sdk
C/C++: ndk.dir in local.properties is not set
C/C++: Not considering ANDROID_NDK_HOME because support was removed after deprecation period.
C/C++: sdkFolder is C:\Users\heman\AppData\Local\Android\Sdk
C/C++: Not considering ANDROID_NDK_HOME because support was removed after deprecation period.
C/C++: sdkFolder is C:\Users\heman\AppData\Local\Android\Sdk
Starting process 'command 'C:\Users\heman\AppData\Local\Android\Sdk\ndk\27.0.12077973\toolchains\llvm\prebuilt\windows-x86_64\bin\llvm-strip''. Working directory: C:\Users\heman\Desktop\Mounisha_App\app Command: C:\Users\heman\AppData\Local\Android\Sdk\ndk\27.0.12077973\toolchains\llvm\prebuilt\windows-x86_64\bin\llvm-strip --strip-unneeded -o C:\Users\heman\Desktop\Mounisha_App\app\build\intermediates\stripped_native_libs\release\stripReleaseDebugSymbols\out\lib\armeabi-v7a\libandroidx.graphics.path.so C:\Users\heman\Desktop\Mounisha_App\app\build\intermediates\merged_native_libs\release\mergeReleaseNativeLibs\out\lib\armeabi-v7a\libandroidx.graphics.path.so
Starting process 'command 'C:\Users\heman\AppData\Local\Android\Sdk\ndk\27.0.12077973\toolchains\llvm\prebuilt\windows-x86_64\bin\llvm-strip''. Working directory: C:\Users\heman\Desktop\Mounisha_App\app Command: C:\Users\heman\AppData\Local\Android\Sdk\ndk\27.0.12077973\toolchains\llvm\prebuilt\windows-x86_64\bin\llvm-strip --strip-unneeded -o C:\Users\heman\Desktop\Mounisha_App\app\build\intermediates\stripped_native_libs\release\stripReleaseDebugSymbols\out\lib\armeabi-v7a\libdatastore_shared_counter.so C:\Users\heman\Desktop\Mounisha_App\app\build\intermediates\merged_native_libs\release\mergeReleaseNativeLibs\out\lib\armeabi-v7a\libdatastore_shared_counter.so
Starting process 'command 'C:\Users\heman\AppData\Local\Android\Sdk\ndk\27.0.12077973\toolchains\llvm\prebuilt\windows-x86_64\bin\llvm-strip''. Working directory: C:\Users\heman\Desktop\Mounisha_App\app Command: C:\Users\heman\AppData\Local\Android\Sdk\ndk\27.0.12077973\toolchains\llvm\prebuilt\windows-x86_64\bin\llvm-strip --strip-unneeded -o C:\Users\heman\Desktop\Mounisha_App\app\build\intermediates\stripped_native_libs\release\stripReleaseDebugSymbols\out\lib\arm64-v8a\libdatastore_shared_counter.so C:\Users\heman\Desktop\Mounisha_App\app\build\intermediates\merged_native_libs\release\mergeReleaseNativeLibs\out\lib\arm64-v8a\libdatastore_shared_counter.so
C/C++: android.ndkVersion from module build.gradle is [27.0.12077973]
C/C++: android.ndkPath from module build.gradle is not set
C/C++: ndk.dir in local.properties is not set
C/C++: Not considering ANDROID_NDK_HOME because support was removed after deprecation period.
C/C++: sdkFolder is C:\Users\heman\AppData\Local\Android\Sdk
Starting process 'command 'C:\Users\heman\AppData\Local\Android\Sdk\ndk\27.0.12077973\toolchains\llvm\prebuilt\windows-x86_64\bin\llvm-strip''. Working directory: C:\Users\heman\Desktop\Mounisha_App\app Command: C:\Users\heman\AppData\Local\Android\Sdk\ndk\27.0.12077973\toolchains\llvm\prebuilt\windows-x86_64\bin\llvm-strip --strip-unneeded -o C:\Users\heman\Desktop\Mounisha_App\app\build\intermediates\stripped_native_libs\release\stripReleaseDebugSymbols\out\lib\x86\libandroidx.graphics.path.so C:\Users\heman\Desktop\Mounisha_App\app\build\intermediates\merged_native_libs\release\mergeReleaseNativeLibs\out\lib\x86\libandroidx.graphics.path.so
Starting process 'command 'C:\Users\heman\AppData\Local\Android\Sdk\ndk\27.0.12077973\toolchains\llvm\prebuilt\windows-x86_64\bin\llvm-strip''. Working directory: C:\Users\heman\Desktop\Mounisha_App\app Command: C:\Users\heman\AppData\Local\Android\Sdk\ndk\27.0.12077973\toolchains\llvm\prebuilt\windows-x86_64\bin\llvm-strip --strip-unneeded -o C:\Users\heman\Desktop\Mounisha_App\app\build\intermediates\stripped_native_libs\release\stripReleaseDebugSymbols\out\lib\arm64-v8a\libandroidx.graphics.path.so C:\Users\heman\Desktop\Mounisha_App\app\build\intermediates\merged_native_libs\release\mergeReleaseNativeLibs\out\lib\arm64-v8a\libandroidx.graphics.path.so
Starting process 'command 'C:\Users\heman\AppData\Local\Android\Sdk\ndk\27.0.12077973\toolchains\llvm\prebuilt\windows-x86_64\bin\llvm-strip''. Working directory: C:\Users\heman\Desktop\Mounisha_App\app Command: C:\Users\heman\AppData\Local\Android\Sdk\ndk\27.0.12077973\toolchains\llvm\prebuilt\windows-x86_64\bin\llvm-strip --strip-unneeded -o C:\Users\heman\Desktop\Mounisha_App\app\build\intermediates\stripped_native_libs\release\stripReleaseDebugSymbols\out\lib\x86\libdatastore_shared_counter.so C:\Users\heman\Desktop\Mounisha_App\app\build\intermediates\merged_native_libs\release\mergeReleaseNativeLibs\out\lib\x86\libdatastore_shared_counter.so
Successfully started process 'command 'C:\Users\heman\AppData\Local\Android\Sdk\ndk\27.0.12077973\toolchains\llvm\prebuilt\windows-x86_64\bin\llvm-strip''
Successfully started process 'command 'C:\Users\heman\AppData\Local\Android\Sdk\ndk\27.0.12077973\toolchains\llvm\prebuilt\windows-x86_64\bin\llvm-strip''
Successfully started process 'command 'C:\Users\heman\AppData\Local\Android\Sdk\ndk\27.0.12077973\toolchains\llvm\prebuilt\windows-x86_64\bin\llvm-strip''
Successfully started process 'command 'C:\Users\heman\AppData\Local\Android\Sdk\ndk\27.0.12077973\toolchains\llvm\prebuilt\windows-x86_64\bin\llvm-strip''
Successfully started process 'command 'C:\Users\heman\AppData\Local\Android\Sdk\ndk\27.0.12077973\toolchains\llvm\prebuilt\windows-x86_64\bin\llvm-strip''
Successfully started process 'command 'C:\Users\heman\AppData\Local\Android\Sdk\ndk\27.0.12077973\toolchains\llvm\prebuilt\windows-x86_64\bin\llvm-strip''
C/C++: android.ndkVersion from module build.gradle is [27.0.12077973]
C/C++: android.ndkPath from module build.gradle is not set
C/C++: ndk.dir in local.properties is not set
C/C++: Not considering ANDROID_NDK_HOME because support was removed after deprecation period.
C/C++: sdkFolder is C:\Users\heman\AppData\Local\Android\Sdk
Starting process 'command 'C:\Users\heman\AppData\Local\Android\Sdk\ndk\27.0.12077973\toolchains\llvm\prebuilt\windows-x86_64\bin\llvm-strip''. Working directory: C:\Users\heman\Desktop\Mounisha_App\app Command: C:\Users\heman\AppData\Local\Android\Sdk\ndk\27.0.12077973\toolchains\llvm\prebuilt\windows-x86_64\bin\llvm-strip --strip-unneeded -o C:\Users\heman\Desktop\Mounisha_App\app\build\intermediates\stripped_native_libs\release\stripReleaseDebugSymbols\out\lib\x86_64\libandroidx.graphics.path.so C:\Users\heman\Desktop\Mounisha_App\app\build\intermediates\merged_native_libs\release\mergeReleaseNativeLibs\out\lib\x86_64\libandroidx.graphics.path.so
C/C++: android.ndkVersion from module build.gradle is [27.0.12077973]
C/C++: android.ndkPath from module build.gradle is not set
C/C++: ndk.dir in local.properties is not set
C/C++: Not considering ANDROID_NDK_HOME because support was removed after deprecation period.
C/C++: sdkFolder is C:\Users\heman\AppData\Local\Android\Sdk
Starting process 'command 'C:\Users\heman\AppData\Local\Android\Sdk\ndk\27.0.12077973\toolchains\llvm\prebuilt\windows-x86_64\bin\llvm-strip''. Working directory: C:\Users\heman\Desktop\Mounisha_App\app Command: C:\Users\heman\AppData\Local\Android\Sdk\ndk\27.0.12077973\toolchains\llvm\prebuilt\windows-x86_64\bin\llvm-strip --strip-unneeded -o C:\Users\heman\Desktop\Mounisha_App\app\build\intermediates\stripped_native_libs\release\stripReleaseDebugSymbols\out\lib\x86_64\libdatastore_shared_counter.so C:\Users\heman\Desktop\Mounisha_App\app\build\intermediates\merged_native_libs\release\mergeReleaseNativeLibs\out\lib\x86_64\libdatastore_shared_counter.so
Successfully started process 'command 'C:\Users\heman\AppData\Local\Android\Sdk\ndk\27.0.12077973\toolchains\llvm\prebuilt\windows-x86_64\bin\llvm-strip''
Successfully started process 'command 'C:\Users\heman\AppData\Local\Android\Sdk\ndk\27.0.12077973\toolchains\llvm\prebuilt\windows-x86_64\bin\llvm-strip''

> Task :app:generateReleaseResources
Caching disabled for task ':app:generateReleaseResources' because:
  Build cache is disabled
Task ':app:generateReleaseResources' is not up-to-date because:
  No history is available.
Resolve mutations for :app:extractReleaseNativeSymbolTables (Thread[#678,Execution worker Thread 5,5,main]) started.
:app:extractReleaseNativeSymbolTables (Thread[#678,Execution worker Thread 5,5,main]) started.
Resolve mutations for :app:mergeReleaseResources (Thread[#676,Execution worker Thread 3,5,main]) started.
:app:mergeReleaseResources (Thread[#676,Execution worker Thread 3,5,main]) started.

> Task :app:extractReleaseNativeSymbolTables
Caching disabled for task ':app:extractReleaseNativeSymbolTables' because:
  Build cache is disabled
Task ':app:extractReleaseNativeSymbolTables' is not up-to-date because:
  No history is available.
C/C++: android.ndkVersion from module build.gradle is [27.0.12077973]
C/C++: android.ndkPath from module build.gradle is not set
C/C++: ndk.dir in local.properties is not set
C/C++: Not considering ANDROID_NDK_HOME because support was removed after deprecation period.
C/C++: sdkFolder is C:\Users\heman\AppData\Local\Android\Sdk
Unable to extract native debug metadata from C:\Users\heman\Desktop\Mounisha_App\app\build\intermediates\merged_native_libs\release\mergeReleaseNativeLibs\out\lib\arm64-v8a\libandroidx.graphics.path.so because the native debug metadata has already been stripped.
Unable to extract native debug metadata from C:\Users\heman\Desktop\Mounisha_App\app\build\intermediates\merged_native_libs\release\mergeReleaseNativeLibs\out\lib\arm64-v8a\libdatastore_shared_counter.so because the native debug metadata has already been stripped.
Unable to extract native debug metadata from C:\Users\heman\Desktop\Mounisha_App\app\build\intermediates\merged_native_libs\release\mergeReleaseNativeLibs\out\lib\armeabi-v7a\libandroidx.graphics.path.so because the native debug metadata has already been stripped.
Unable to extract native debug metadata from C:\Users\heman\Desktop\Mounisha_App\app\build\intermediates\merged_native_libs\release\mergeReleaseNativeLibs\out\lib\armeabi-v7a\libdatastore_shared_counter.so because the native debug metadata has already been stripped.
Unable to extract native debug metadata from C:\Users\heman\Desktop\Mounisha_App\app\build\intermediates\merged_native_libs\release\mergeReleaseNativeLibs\out\lib\x86\libandroidx.graphics.path.so because the native debug metadata has already been stripped.
Unable to extract native debug metadata from C:\Users\heman\Desktop\Mounisha_App\app\build\intermediates\merged_native_libs\release\mergeReleaseNativeLibs\out\lib\x86\libdatastore_shared_counter.so because the native debug metadata has already been stripped.
Unable to extract native debug metadata from C:\Users\heman\Desktop\Mounisha_App\app\build\intermediates\merged_native_libs\release\mergeReleaseNativeLibs\out\lib\x86_64\libandroidx.graphics.path.so because the native debug metadata has already been stripped.
Unable to extract native debug metadata from C:\Users\heman\Desktop\Mounisha_App\app\build\intermediates\merged_native_libs\release\mergeReleaseNativeLibs\out\lib\x86_64\libdatastore_shared_counter.so because the native debug metadata has already been stripped.

> Task :app:checkReleaseAarMetadata
Caching disabled for AarTransform: C:\Users\heman\.gradle\caches\9.2.1\transforms\b3dd4bfb31c9fcb09838c872b067ff9b\workspace\transformed\foundation-layout-release because:
  Build cache is disabled
  Caching not enabled.
Caching disabled for AarTransform: C:\Users\heman\.gradle\caches\9.2.1\transforms\65bd61aaf8b31a31f83a8c7851ffc502\workspace\transformed\animation-release because:
  Build cache is disabled
  Caching not enabled.
Caching disabled for AarTransform: C:\Users\heman\.gradle\caches\9.2.1\transforms\d971cd14fb7c999295bda2bb91f6b5d8\workspace\transformed\animation-core-release because:
  Build cache is disabled
  Caching not enabled.
Caching disabled for AarTransform: C:\Users\heman\.gradle\caches\9.2.1\transforms\2464d4bded46b52a1c46d88aa6e0fb96\workspace\transformed\foundation-release because:
  Build cache is disabled
  Caching not enabled.
Caching disabled for task ':app:checkReleaseAarMetadata' because:
  Build cache is disabled
  Caching has been disabled for the task
Task ':app:checkReleaseAarMetadata' is not up-to-date because:
  No history is available.

> Task :app:mergeReleaseResources
Caching disabled for task ':app:mergeReleaseResources' because:
  Build cache is disabled
Task ':app:mergeReleaseResources' is not up-to-date because:
  No history is available.
The input changes require a full rebuild for incremental task ':app:mergeReleaseResources'.
[MergeResources] Inputs are non-incremental full task action.

> Task :app:kspDebugKotlin FAILED
i: [ksp] loaded provider(s): [dagger.hilt.processor.internal.uninstallmodules.KspUninstallModulesProcessor$Provider, dagger.hilt.android.processor.internal.customtestapplication.KspCustomTestApplicationProcessor$Provider, dagger.hilt.processor.internal.aliasof.KspAliasOfProcessor$Provider, dagger.hilt.android.processor.internal.viewmodel.KspViewModelProcessor$Provider, dagger.hilt.processor.internal.earlyentrypoint.KspEarlyEntryPointProcessor$Provider, dagger.hilt.processor.internal.generatesrootinput.KspGeneratesRootInputProcessor$Provider, dagger.hilt.android.processor.internal.androidentrypoint.KspAndroidEntryPointProcessor$Provider, dagger.hilt.processor.internal.originatingelement.KspOriginatingElementProcessor$Provider, dagger.hilt.android.processor.internal.bindvalue.KspBindValueProcessor$Provider, dagger.hilt.processor.internal.definecomponent.KspDefineComponentProcessor$Provider, dagger.hilt.processor.internal.root.KspRootProcessor$Provider, dagger.hilt.processor.internal.aggregateddeps.KspAggregatedDepsProcessor$Provider, dagger.hilt.processor.internal.root.KspComponentTreeDepsProcessor$Provider, dagger.internal.codegen.KspComponentProcessor$Provider]
Finished executing kotlin compiler using DAEMON strategy
.\gradlew : e: file:///C:/Users/heman/Desktop/Mounisha_App/app/src/main/java/co
m/simats/pathovision/network/ApiService.kt:55:78 Missing '}
At line:1 char:1
+ .\gradlew build --info 2>&1 | tee build_output.txt
+ ~~~~~~~~~~~~~~~~~~~~~~~~~~~
    + CategoryInfo          : NotSpecified: (e: file:///C:/U...5:78 Missing '} 
   :String) [], RemoteException
    + FullyQualifiedErrorId : NativeCommandError
 

> Task :app:mergeReleaseResources
Compiling XML table C:\Users\heman\Desktop\Mounisha_App\app\build\intermediates\incremental\release\mergeReleaseResources\merged.dir\values-lt\values-lt.xml to C:\Users\heman\Desktop\Mounisha_App\app\build\intermediates\merged_res\release\mergeReleaseResources\values-lt_values-lt.arsc.flat
Compiling XML table C:\Users\heman\Desktop\Mounisha_App\app\build\intermediates\incremental\release\mergeReleaseResources\merged.dir\values-de\values-de.xml to C:\Users\heman\Desktop\Mounisha_App\app\build\intermediates\merged_res\release\mergeReleaseResources\values-de_values-de.arsc.flat
Compiling XML table C:\Users\heman\Desktop\Mounisha_App\app\build\intermediates\incremental\release\mergeReleaseResources\merged.dir\values\values.xml to C:\Users\heman\Desktop\Mounisha_App\app\build\intermediates\merged_res\release\mergeReleaseResources\values_values.arsc.flat
Compiling XML table C:\Users\heman\Desktop\Mounisha_App\app\build\intermediates\incremental\release\mergeReleaseResources\merged.dir\values-hi\values-hi.xml to C:\Users\heman\Desktop\Mounisha_App\app\build\intermediates\merged_res\release\mergeReleaseResources\values-hi_values-hi.arsc.flat
Compiling XML table C:\Users\heman\Desktop\Mounisha_App\app\build\intermediates\incremental\release\mergeReleaseResources\merged.dir\values-lo\values-lo.xml to C:\Users\heman\Desktop\Mounisha_App\app\build\intermediates\merged_res\release\mergeReleaseResources\values-lo_values-lo.arsc.flat
Compiling XML table C:\Users\heman\Desktop\Mounisha_App\app\build\intermediates\incremental\release\mergeReleaseResources\merged.dir\values-pt\values-pt.xml to C:\Users\heman\Desktop\Mounisha_App\app\build\intermediates\merged_res\release\mergeReleaseResources\values-pt_values-pt.arsc.flat
Compiling XML table C:\Users\heman\Desktop\Mounisha_App\app\build\intermediates\incremental\release\mergeReleaseResources\merged.dir\values-hr\values-hr.xml to C:\Users\heman\Desktop\Mounisha_App\app\build\intermediates\merged_res\release\mergeReleaseResources\values-hr_values-hr.arsc.flat
Compiling XML table C:\Users\heman\Desktop\Mounisha_App\app\build\intermediates\incremental\release\mergeReleaseResources\merged.dir\values-lv\values-lv.xml to C:\Users\heman\Desktop\Mounisha_App\app\build\intermediates\merged_res\release\mergeReleaseResources\values-lv_values-lv.arsc.flat
Compiling XML table C:\Users\heman\Desktop\Mounisha_App\app\build\intermediates\incremental\release\mergeReleaseResources\merged.dir\values-uk\values-uk.xml to C:\Users\heman\Desktop\Mounisha_App\app\build\intermediates\merged_res\release\mergeReleaseResources\values-uk_values-uk.arsc.flat
Compiling XML table C:\Users\heman\Desktop\Mounisha_App\app\build\intermediates\incremental\release\mergeReleaseResources\merged.dir\values-ur\values-ur.xml to C:\Users\heman\Desktop\Mounisha_App\app\build\intermediates\merged_res\release\mergeReleaseResources\values-ur_values-ur.arsc.flat
Compiling XML table C:\Users\heman\Desktop\Mounisha_App\app\build\intermediates\incremental\release\mergeReleaseResources\merged.dir\values-ml\values-ml.xml to C:\Users\heman\Desktop\Mounisha_App\app\build\intermediates\merged_res\release\mergeReleaseResources\values-ml_values-ml.arsc.flat
Compiling XML table C:\Users\heman\Desktop\Mounisha_App\app\build\intermediates\incremental\release\mergeReleaseResources\merged.dir\values-mk\values-mk.xml to C:\Users\heman\Desktop\Mounisha_App\app\build\intermediates\merged_res\release\mergeReleaseResources\values-mk_values-mk.arsc.flat
Compiling XML table C:\Users\heman\Desktop\Mounisha_App\app\build\intermediates\incremental\release\mergeReleaseResources\merged.dir\values-mn\values-mn.xml to C:\Users\heman\Desktop\Mounisha_App\app\build\intermediates\merged_res\release\mergeReleaseResources\values-mn_values-mn.arsc.flat
Compiling XML table C:\Users\heman\Desktop\Mounisha_App\app\build\intermediates\incremental\release\mergeReleaseResources\merged.dir\values-en-rIN\values-en-rIN.xml to C:\Users\heman\Desktop\Mounisha_App\app\build\intermediates\merged_res\release\mergeReleaseResources\values-en-rIN_values-en-rIN.arsc.flat
Compiling XML table C:\Users\heman\Desktop\Mounisha_App\app\build\intermediates\incremental\release\mergeReleaseResources\merged.dir\values-hy\values-hy.xml to C:\Users\heman\Desktop\Mounisha_App\app\build\intermediates\merged_res\release\mergeReleaseResources\values-hy_values-hy.arsc.flat
Compiling XML table C:\Users\heman\Desktop\Mounisha_App\app\build\intermediates\incremental\release\mergeReleaseResources\merged.dir\values-fr-rCA\values-fr-rCA.xml to C:\Users\heman\Desktop\Mounisha_App\app\build\intermediates\merged_res\release\mergeReleaseResources\values-fr-rCA_values-fr-rCA.arsc.flat
Compiling XML table C:\Users\heman\Desktop\Mounisha_App\app\build\intermediates\incremental\release\mergeReleaseResources\merged.dir\values-ms\values-ms.xml to C:\Users\heman\Desktop\Mounisha_App\app\build\intermediates\merged_res\release\mergeReleaseResources\values-ms_values-ms.arsc.flat
Compiling XML table C:\Users\heman\Desktop\Mounisha_App\app\build\intermediates\incremental\release\mergeReleaseResources\merged.dir\values-mr\values-mr.xml to C:\Users\heman\Desktop\Mounisha_App\app\build\intermediates\merged_res\release\mergeReleaseResources\values-mr_values-mr.arsc.flat
Compiling XML table C:\Users\heman\Desktop\Mounisha_App\app\build\intermediates\incremental\release\mergeReleaseResources\merged.dir\values-hu\values-hu.xml to C:\Users\heman\Desktop\Mounisha_App\app\build\intermediates\merged_res\release\mergeReleaseResources\values-hu_values-hu.arsc.flat
Compiling XML table C:\Users\heman\Desktop\Mounisha_App\app\build\intermediates\incremental\release\mergeReleaseResources\merged.dir\values-my\values-my.xml to C:\Users\heman\Desktop\Mounisha_App\app\build\intermediates\merged_res\release\mergeReleaseResources\values-my_values-my.arsc.flat
Compiling XML table C:\Users\heman\Desktop\Mounisha_App\app\build\intermediates\incremental\release\mergeReleaseResources\merged.dir\values-el\values-el.xml to C:\Users\heman\Desktop\Mounisha_App\app\build\intermediates\merged_res\release\mergeReleaseResources\values-el_values-el.arsc.flat
Compiling XML table C:\Users\heman\Desktop\Mounisha_App\app\build\intermediates\incremental\release\mergeReleaseResources\merged.dir\values-is\values-is.xml to C:\Users\heman\Desktop\Mounisha_App\app\build\intermediates\merged_res\release\mergeReleaseResources\values-is_values-is.arsc.flat
Compiling XML table C:\Users\heman\Desktop\Mounisha_App\app\build\intermediates\incremental\release\mergeReleaseResources\merged.dir\values-iw\values-iw.xml to C:\Users\heman\Desktop\Mounisha_App\app\build\intermediates\merged_res\release\mergeReleaseResources\values-iw_values-iw.arsc.flat
Compiling XML table C:\Users\heman\Desktop\Mounisha_App\app\build\intermediates\incremental\release\mergeReleaseResources\merged.dir\values-as\values-as.xml to C:\Users\heman\Desktop\Mounisha_App\app\build\intermediates\merged_res\release\mergeReleaseResources\values-as_values-as.arsc.flat
Compiling XML table C:\Users\heman\Desktop\Mounisha_App\app\build\intermediates\incremental\release\mergeReleaseResources\merged.dir\values-uz\values-uz.xml to C:\Users\heman\Desktop\Mounisha_App\app\build\intermediates\merged_res\release\mergeReleaseResources\values-uz_values-uz.arsc.flat
Compiling XML table C:\Users\heman\Desktop\Mounisha_App\app\build\intermediates\incremental\release\mergeReleaseResources\merged.dir\values-pt-rPT\values-pt-rPT.xml to C:\Users\heman\Desktop\Mounisha_App\app\build\intermediates\merged_res\release\mergeReleaseResources\values-pt-rPT_values-pt-rPT.arsc.flat
Compiling XML table C:\Users\heman\Desktop\Mounisha_App\app\build\intermediates\incremental\release\mergeReleaseResources\merged.dir\values-nb\values-nb.xml to C:\Users\heman\Desktop\Mounisha_App\app\build\intermediates\merged_res\release\mergeReleaseResources\values-nb_values-nb.arsc.flat
Compiling XML table C:\Users\heman\Desktop\Mounisha_App\app\build\intermediates\incremental\release\mergeReleaseResources\merged.dir\values-b+sr+Latn\values-b+sr+Latn.xml to C:\Users\heman\Desktop\Mounisha_App\app\build\intermediates\merged_res\release\mergeReleaseResources\values-b+sr+Latn_values-b+sr+Latn.arsc.flat
Compiling XML table C:\Users\heman\Desktop\Mounisha_App\app\build\intermediates\incremental\release\mergeReleaseResources\merged.dir\values-in\values-in.xml to C:\Users\heman\Desktop\Mounisha_App\app\build\intermediates\merged_res\release\mergeReleaseResources\values-in_values-in.arsc.flat
Compiling XML table C:\Users\heman\Desktop\Mounisha_App\app\build\intermediates\incremental\release\mergeReleaseResources\merged.dir\values-eu\values-eu.xml to C:\Users\heman\Desktop\Mounisha_App\app\build\intermediates\merged_res\release\mergeReleaseResources\values-eu_values-eu.arsc.flat
Compiling XML table C:\Users\heman\Desktop\Mounisha_App\app\build\intermediates\incremental\release\mergeReleaseResources\merged.dir\values-zh-rHK\values-zh-rHK.xml to C:\Users\heman\Desktop\Mounisha_App\app\build\intermediates\merged_res\release\mergeReleaseResources\values-zh-rHK_values-zh-rHK.arsc.flat
Compiling XML table C:\Users\heman\Desktop\Mounisha_App\app\build\intermediates\incremental\release\mergeReleaseResources\merged.dir\values-fi\values-fi.xml to C:\Users\heman\Desktop\Mounisha_App\app\build\intermediates\merged_res\release\mergeReleaseResources\values-fi_values-fi.arsc.flat
Compiling XML table C:\Users\heman\Desktop\Mounisha_App\app\build\intermediates\incremental\release\mergeReleaseResources\merged.dir\values-af\values-af.xml to C:\Users\heman\Desktop\Mounisha_App\app\build\intermediates\merged_res\release\mergeReleaseResources\values-af_values-af.arsc.flat
Compiling XML table C:\Users\heman\Desktop\Mounisha_App\app\build\intermediates\incremental\release\mergeReleaseResources\merged.dir\values-zh-rTW\values-zh-rTW.xml to C:\Users\heman\Desktop\Mounisha_App\app\build\intermediates\merged_res\release\mergeReleaseResources\values-zh-rTW_values-zh-rTW.arsc.flat
Compiling XML table C:\Users\heman\Desktop\Mounisha_App\app\build\intermediates\incremental\release\mergeReleaseResources\merged.dir\values-it\values-it.xml to C:\Users\heman\Desktop\Mounisha_App\app\build\intermediates\merged_res\release\mergeReleaseResources\values-it_values-it.arsc.flat
Compiling XML table C:\Users\heman\Desktop\Mounisha_App\app\build\intermediates\incremental\release\mergeReleaseResources\merged.dir\values-zu\values-zu.xml to C:\Users\heman\Desktop\Mounisha_App\app\build\intermediates\merged_res\release\mergeReleaseResources\values-zu_values-zu.arsc.flat
Compiling XML table C:\Users\heman\Desktop\Mounisha_App\app\build\intermediates\incremental\release\mergeReleaseResources\merged.dir\values-v21\values-v21.xml to C:\Users\heman\Desktop\Mounisha_App\app\build\intermediates\merged_res\release\mergeReleaseResources\values-v21_values-v21.arsc.flat
Compiling XML table C:\Users\heman\Desktop\Mounisha_App\app\build\intermediates\incremental\release\mergeReleaseResources\merged.dir\values-ro\values-ro.xml to C:\Users\heman\Desktop\Mounisha_App\app\build\intermediates\merged_res\release\mergeReleaseResources\values-ro_values-ro.arsc.flat
Compiling XML table C:\Users\heman\Desktop\Mounisha_App\app\build\intermediates\incremental\release\mergeReleaseResources\merged.dir\values-et\values-et.xml to C:\Users\heman\Desktop\Mounisha_App\app\build\intermediates\merged_res\release\mergeReleaseResources\values-et_values-et.arsc.flat
Compiling XML table C:\Users\heman\Desktop\Mounisha_App\app\build\intermediates\incremental\release\mergeReleaseResources\merged.dir\values-ne\values-ne.xml to C:\Users\heman\Desktop\Mounisha_App\app\build\intermediates\merged_res\release\mergeReleaseResources\values-ne_values-ne.arsc.flat
Compiling XML table C:\Users\heman\Desktop\Mounisha_App\app\build\intermediates\incremental\release\mergeReleaseResources\merged.dir\values-en-rGB\values-en-rGB.xml to C:\Users\heman\Desktop\Mounisha_App\app\build\intermediates\merged_res\release\mergeReleaseResources\values-en-rGB_values-en-rGB.arsc.flat
Compiling XML table C:\Users\heman\Desktop\Mounisha_App\app\build\intermediates\incremental\release\mergeReleaseResources\merged.dir\values-bg\values-bg.xml to C:\Users\heman\Desktop\Mounisha_App\app\build\intermediates\merged_res\release\mergeReleaseResources\values-bg_values-bg.arsc.flat
Compiling XML table C:\Users\heman\Desktop\Mounisha_App\app\build\intermediates\incremental\release\mergeReleaseResources\merged.dir\values-am\values-am.xml to C:\Users\heman\Desktop\Mounisha_App\app\build\intermediates\merged_res\release\mergeReleaseResources\values-am_values-am.arsc.flat
Compiling XML table C:\Users\heman\Desktop\Mounisha_App\app\build\intermediates\incremental\release\mergeReleaseResources\merged.dir\values-ar\values-ar.xml to C:\Users\heman\Desktop\Mounisha_App\app\build\intermediates\merged_res\release\mergeReleaseResources\values-ar_values-ar.arsc.flat
Compiling XML table C:\Users\heman\Desktop\Mounisha_App\app\build\intermediates\incremental\release\mergeReleaseResources\merged.dir\values-ja\values-ja.xml to C:\Users\heman\Desktop\Mounisha_App\app\build\intermediates\merged_res\release\mergeReleaseResources\values-ja_values-ja.arsc.flat
Compiling XML table C:\Users\heman\Desktop\Mounisha_App\app\build\intermediates\incremental\release\mergeReleaseResources\merged.dir\values-kk\values-kk.xml to C:\Users\heman\Desktop\Mounisha_App\app\build\intermediates\merged_res\release\mergeReleaseResources\values-kk_values-kk.arsc.flat
Compiling XML table C:\Users\heman\Desktop\Mounisha_App\app\build\intermediates\incremental\release\mergeReleaseResources\merged.dir\values-be\values-be.xml to C:\Users\heman\Desktop\Mounisha_App\app\build\intermediates\merged_res\release\mergeReleaseResources\values-be_values-be.arsc.flat
Compiling XML table C:\Users\heman\Desktop\Mounisha_App\app\build\intermediates\incremental\release\mergeReleaseResources\merged.dir\values-si\values-si.xml to C:\Users\heman\Desktop\Mounisha_App\app\build\intermediates\merged_res\release\mergeReleaseResources\values-si_values-si.arsc.flat
Compiling XML table C:\Users\heman\Desktop\Mounisha_App\app\build\intermediates\incremental\release\mergeReleaseResources\merged.dir\values-fr\values-fr.xml to C:\Users\heman\Desktop\Mounisha_App\app\build\intermediates\merged_res\release\mergeReleaseResources\values-fr_values-fr.arsc.flat
Compiling XML table C:\Users\heman\Desktop\Mounisha_App\app\build\intermediates\incremental\release\mergeReleaseResources\merged.dir\values-vi\values-vi.xml to C:\Users\heman\Desktop\Mounisha_App\app\build\intermediates\merged_res\release\mergeReleaseResources\values-vi_values-vi.arsc.flat
Compiling XML table C:\Users\heman\Desktop\Mounisha_App\app\build\intermediates\incremental\release\mergeReleaseResources\merged.dir\values-zh-rCN\values-zh-rCN.xml to C:\Users\heman\Desktop\Mounisha_App\app\build\intermediates\merged_res\release\mergeReleaseResources\values-zh-rCN_values-zh-rCN.arsc.flat
Compiling XML table C:\Users\heman\Desktop\Mounisha_App\app\build\intermediates\incremental\release\mergeReleaseResources\merged.dir\values-az\values-az.xml to C:\Users\heman\Desktop\Mounisha_App\app\build\intermediates\merged_res\release\mergeReleaseResources\values-az_values-az.arsc.flat
Compiling XML table C:\Users\heman\Desktop\Mounisha_App\app\build\intermediates\incremental\release\mergeReleaseResources\merged.dir\values-ta\values-ta.xml to C:\Users\heman\Desktop\Mounisha_App\app\build\intermediates\merged_res\release\mergeReleaseResources\values-ta_values-ta.arsc.flat
Compiling XML table C:\Users\heman\Desktop\Mounisha_App\app\build\intermediates\incremental\release\mergeReleaseResources\merged.dir\values-sv\values-sv.xml to C:\Users\heman\Desktop\Mounisha_App\app\build\intermediates\merged_res\release\mergeReleaseResources\values-sv_values-sv.arsc.flat
Compiling XML table C:\Users\heman\Desktop\Mounisha_App\app\build\intermediates\incremental\release\mergeReleaseResources\merged.dir\values-sk\values-sk.xml to C:\Users\heman\Desktop\Mounisha_App\app\build\intermediates\merged_res\release\mergeReleaseResources\values-sk_values-sk.arsc.flat
Compiling XML table C:\Users\heman\Desktop\Mounisha_App\app\build\intermediates\incremental\release\mergeReleaseResources\merged.dir\values-bs\values-bs.xml to C:\Users\heman\Desktop\Mounisha_App\app\build\intermediates\merged_res\release\mergeReleaseResources\values-bs_values-bs.arsc.flat
Compiling XML table C:\Users\heman\Desktop\Mounisha_App\app\build\intermediates\incremental\release\mergeReleaseResources\merged.dir\values-es\values-es.xml to C:\Users\heman\Desktop\Mounisha_App\app\build\intermediates\merged_res\release\mergeReleaseResources\values-es_values-es.arsc.flat
Compiling XML table C:\Users\heman\Desktop\Mounisha_App\app\build\intermediates\incremental\release\mergeReleaseResources\merged.dir\values-en-rCA\values-en-rCA.xml to C:\Users\heman\Desktop\Mounisha_App\app\build\intermediates\merged_res\release\mergeReleaseResources\values-en-rCA_values-en-rCA.arsc.flat
Compiling XML table C:\Users\heman\Desktop\Mounisha_App\app\build\intermediates\incremental\release\mergeReleaseResources\merged.dir\values-ca\values-ca.xml to C:\Users\heman\Desktop\Mounisha_App\app\build\intermediates\merged_res\release\mergeReleaseResources\values-ca_values-ca.arsc.flat
Compiling XML table C:\Users\heman\Desktop\Mounisha_App\app\build\intermediates\incremental\release\mergeReleaseResources\merged.dir\values-kn\values-kn.xml to C:\Users\heman\Desktop\Mounisha_App\app\build\intermediates\merged_res\release\mergeReleaseResources\values-kn_values-kn.arsc.flat
Compiling XML table C:\Users\heman\Desktop\Mounisha_App\app\build\intermediates\incremental\release\mergeReleaseResources\merged.dir\values-tl\values-tl.xml to C:\Users\heman\Desktop\Mounisha_App\app\build\intermediates\merged_res\release\mergeReleaseResources\values-tl_values-tl.arsc.flat
Compiling XML table C:\Users\heman\Desktop\Mounisha_App\app\build\intermediates\incremental\release\mergeReleaseResources\merged.dir\values-fa\values-fa.xml to C:\Users\heman\Desktop\Mounisha_App\app\build\intermediates\merged_res\release\mergeReleaseResources\values-fa_values-fa.arsc.flat
Compiling XML table C:\Users\heman\Desktop\Mounisha_App\app\build\intermediates\incremental\release\mergeReleaseResources\merged.dir\values-ru\values-ru.xml to C:\Users\heman\Desktop\Mounisha_App\app\build\intermediates\merged_res\release\mergeReleaseResources\values-ru_values-ru.arsc.flat
Compiling XML table C:\Users\heman\Desktop\Mounisha_App\app\build\intermediates\incremental\release\mergeReleaseResources\merged.dir\values-gu\values-gu.xml to C:\Users\heman\Desktop\Mounisha_App\app\build\intermediates\merged_res\release\mergeReleaseResources\values-gu_values-gu.arsc.flat
Compiling XML table C:\Users\heman\Desktop\Mounisha_App\app\build\intermediates\incremental\release\mergeReleaseResources\merged.dir\values-sq\values-sq.xml to C:\Users\heman\Desktop\Mounisha_App\app\build\intermediates\merged_res\release\mergeReleaseResources\values-sq_values-sq.arsc.flat
Compiling XML table C:\Users\heman\Desktop\Mounisha_App\app\build\intermediates\incremental\release\mergeReleaseResources\merged.dir\values-pt-rBR\values-pt-rBR.xml to C:\Users\heman\Desktop\Mounisha_App\app\build\intermediates\merged_res\release\mergeReleaseResources\values-pt-rBR_values-pt-rBR.arsc.flat
Compiling XML table C:\Users\heman\Desktop\Mounisha_App\app\build\intermediates\incremental\release\mergeReleaseResources\merged.dir\values-sw\values-sw.xml to C:\Users\heman\Desktop\Mounisha_App\app\build\intermediates\merged_res\release\mergeReleaseResources\values-sw_values-sw.arsc.flat
Compiling file C:\Users\heman\Desktop\Mounisha_App\app\src\main\res\mipmap-mdpi\ic_launcher.webp to C:\Users\heman\Desktop\Mounisha_App\app\build\intermediates\merged_res\release\mergeReleaseResources\mipmap-mdpi_ic_launcher.webp.flat
Compiling XML table C:\Users\heman\Desktop\Mounisha_App\app\build\intermediates\incremental\release\mergeReleaseResources\merged.dir\values-da\values-da.xml to C:\Users\heman\Desktop\Mounisha_App\app\build\intermediates\merged_res\release\mergeReleaseResources\values-da_values-da.arsc.flat
Compiling XML table C:\Users\heman\Desktop\Mounisha_App\app\build\intermediates\incremental\release\mergeReleaseResources\merged.dir\values-pa\values-pa.xml to C:\Users\heman\Desktop\Mounisha_App\app\build\intermediates\merged_res\release\mergeReleaseResources\values-pa_values-pa.arsc.flat
Compiling XML table C:\Users\heman\Desktop\Mounisha_App\app\build\intermediates\incremental\release\mergeReleaseResources\merged.dir\values-en-rXC\values-en-rXC.xml to C:\Users\heman\Desktop\Mounisha_App\app\build\intermediates\merged_res\release\mergeReleaseResources\values-en-rXC_values-en-rXC.arsc.flat
Compiling XML table C:\Users\heman\Desktop\Mounisha_App\app\build\intermediates\incremental\release\mergeReleaseResources\merged.dir\values-ko\values-ko.xml to C:\Users\heman\Desktop\Mounisha_App\app\build\intermediates\merged_res\release\mergeReleaseResources\values-ko_values-ko.arsc.flat
Compiling file C:\Users\heman\Desktop\Mounisha_App\app\src\main\res\mipmap-xxhdpi\ic_launcher.webp to C:\Users\heman\Desktop\Mounisha_App\app\build\intermediates\merged_res\release\mergeReleaseResources\mipmap-xxhdpi_ic_launcher.webp.flat
Compiling XML table C:\Users\heman\Desktop\Mounisha_App\app\build\intermediates\incremental\release\mergeReleaseResources\merged.dir\values-tr\values-tr.xml to C:\Users\heman\Desktop\Mounisha_App\app\build\intermediates\merged_res\release\mergeReleaseResources\values-tr_values-tr.arsc.flat
Compiling xml file C:\Users\heman\Desktop\Mounisha_App\app\src\main\res\mipmap-anydpi-v26\ic_launcher.xml to C:\Users\heman\Desktop\Mounisha_App\app\build\intermediates\merged_res\release\mergeReleaseResources\mipmap-anydpi-v26_ic_launcher.xml.flat
Compiling XML table C:\Users\heman\Desktop\Mounisha_App\app\build\intermediates\incremental\release\mergeReleaseResources\merged.dir\values-es-rUS\values-es-rUS.xml to C:\Users\heman\Desktop\Mounisha_App\app\build\intermediates\merged_res\release\mergeReleaseResources\values-es-rUS_values-es-rUS.arsc.flat
Compiling xml file C:\Users\heman\Desktop\Mounisha_App\app\src\main\res\xml\network_security_config.xml to C:\Users\heman\Desktop\Mounisha_App\app\build\intermediates\merged_res\release\mergeReleaseResources\xml_network_security_config.xml.flat
Compiling XML table C:\Users\heman\Desktop\Mounisha_App\app\build\intermediates\incremental\release\mergeReleaseResources\merged.dir\values-te\values-te.xml to C:\Users\heman\Desktop\Mounisha_App\app\build\intermediates\merged_res\release\mergeReleaseResources\values-te_values-te.arsc.flat
Compiling xml file C:\Users\heman\Desktop\Mounisha_App\app\src\main\res\drawable\ic_launcher_foreground.xml to C:\Users\heman\Desktop\Mounisha_App\app\build\intermediates\merged_res\release\mergeReleaseResources\drawable_ic_launcher_foreground.xml.flat
Compiling file C:\Users\heman\Desktop\Mounisha_App\app\src\main\res\mipmap-xxxhdpi\ic_launcher.webp to C:\Users\heman\Desktop\Mounisha_App\app\build\intermediates\merged_res\release\mergeReleaseResources\mipmap-xxxhdpi_ic_launcher.webp.flat
Compiling xml file C:\Users\heman\Desktop\Mounisha_App\app\src\main\res\xml\backup_rules.xml to C:\Users\heman\Desktop\Mounisha_App\app\build\intermediates\merged_res\release\mergeReleaseResources\xml_backup_rules.xml.flat
Compiling xml file C:\Users\heman\Desktop\Mounisha_App\app\src\main\res\mipmap-anydpi-v26\ic_launcher_round.xml to C:\Users\heman\Desktop\Mounisha_App\app\build\intermediates\merged_res\release\mergeReleaseResources\mipmap-anydpi-v26_ic_launcher_round.xml.flat
Compiling file C:\Users\heman\Desktop\Mounisha_App\app\src\main\res\mipmap-hdpi\ic_launcher.webp to C:\Users\heman\Desktop\Mounisha_App\app\build\intermediates\merged_res\release\mergeReleaseResources\mipmap-hdpi_ic_launcher.webp.flat
Compiling file C:\Users\heman\Desktop\Mounisha_App\app\src\main\res\mipmap-xxhdpi\ic_launcher_round.webp to C:\Users\heman\Desktop\Mounisha_App\app\build\intermediates\merged_res\release\mergeReleaseResources\mipmap-xxhdpi_ic_launcher_round.webp.flat
Compiling xml file C:\Users\heman\Desktop\Mounisha_App\app\src\main\res\xml\data_extraction_rules.xml to C:\Users\heman\Desktop\Mounisha_App\app\build\intermediates\merged_res\release\mergeReleaseResources\xml_data_extraction_rules.xml.flat
Compiling XML table C:\Users\heman\Desktop\Mounisha_App\app\build\intermediates\incremental\release\mergeReleaseResources\merged.dir\values-v30\values-v30.xml to C:\Users\heman\Desktop\Mounisha_App\app\build\intermediates\merged_res\release\mergeReleaseResources\values-v30_values-v30.arsc.flat
Compiling XML table C:\Users\heman\Desktop\Mounisha_App\app\build\intermediates\incremental\release\mergeReleaseResources\merged.dir\values-ka\values-ka.xml to C:\Users\heman\Desktop\Mounisha_App\app\build\intermediates\merged_res\release\mergeReleaseResources\values-ka_values-ka.arsc.flat
Compiling XML table C:\Users\heman\Desktop\Mounisha_App\app\build\intermediates\incremental\release\mergeReleaseResources\merged.dir\values-sr\values-sr.xml to C:\Users\heman\Desktop\Mounisha_App\app\build\intermediates\merged_res\release\mergeReleaseResources\values-sr_values-sr.arsc.flat
Compiling XML table C:\Users\heman\Desktop\Mounisha_App\app\build\intermediates\incremental\release\mergeReleaseResources\merged.dir\values-km\values-km.xml to C:\Users\heman\Desktop\Mounisha_App\app\build\intermediates\merged_res\release\mergeReleaseResources\values-km_values-km.arsc.flat
Compiling XML table C:\Users\heman\Desktop\Mounisha_App\app\build\intermediates\incremental\release\mergeReleaseResources\merged.dir\values-gl\values-gl.xml to C:\Users\heman\Desktop\Mounisha_App\app\build\intermediates\merged_res\release\mergeReleaseResources\values-gl_values-gl.arsc.flat
Compiling XML table C:\Users\heman\Desktop\Mounisha_App\app\build\intermediates\incremental\release\mergeReleaseResources\merged.dir\values-nl\values-nl.xml to C:\Users\heman\Desktop\Mounisha_App\app\build\intermediates\merged_res\release\mergeReleaseResources\values-nl_values-nl.arsc.flat
Compiling XML table C:\Users\heman\Desktop\Mounisha_App\app\build\intermediates\incremental\release\mergeReleaseResources\merged.dir\values-ky\values-ky.xml to C:\Users\heman\Desktop\Mounisha_App\app\build\intermediates\merged_res\release\mergeReleaseResources\values-ky_values-ky.arsc.flat
Compiling XML table C:\Users\heman\Desktop\Mounisha_App\app\build\intermediates\incremental\release\mergeReleaseResources\merged.dir\values-th\values-th.xml to C:\Users\heman\Desktop\Mounisha_App\app\build\intermediates\merged_res\release\mergeReleaseResources\values-th_values-th.arsc.flat
Compiling XML table C:\Users\heman\Desktop\Mounisha_App\app\build\intermediates\incremental\release\mergeReleaseResources\merged.dir\values-pl\values-pl.xml to C:\Users\heman\Desktop\Mounisha_App\app\build\intermediates\merged_res\release\mergeReleaseResources\values-pl_values-pl.arsc.flat
Compiling file C:\Users\heman\Desktop\Mounisha_App\app\src\main\res\mipmap-xhdpi\ic_launcher_round.webp to C:\Users\heman\Desktop\Mounisha_App\app\build\intermediates\merged_res\release\mergeReleaseResources\mipmap-xhdpi_ic_launcher_round.webp.flat
Compiling XML table C:\Users\heman\Desktop\Mounisha_App\app\build\intermediates\incremental\release\mergeReleaseResources\merged.dir\values-bn\values-bn.xml to C:\Users\heman\Desktop\Mounisha_App\app\build\intermediates\merged_res\release\mergeReleaseResources\values-bn_values-bn.arsc.flat
Compiling file C:\Users\heman\Desktop\Mounisha_App\app\src\main\res\mipmap-xhdpi\ic_launcher.webp to C:\Users\heman\Desktop\Mounisha_App\app\build\intermediates\merged_res\release\mergeReleaseResources\mipmap-xhdpi_ic_launcher.webp.flat
Compiling xml file C:\Users\heman\Desktop\Mounisha_App\app\src\main\res\drawable\ic_launcher_background.xml to C:\Users\heman\Desktop\Mounisha_App\app\build\intermediates\merged_res\release\mergeReleaseResources\drawable_ic_launcher_background.xml.flat
Compiling file C:\Users\heman\Desktop\Mounisha_App\app\src\main\res\mipmap-mdpi\ic_launcher_round.webp to C:\Users\heman\Desktop\Mounisha_App\app\build\intermediates\merged_res\release\mergeReleaseResources\mipmap-mdpi_ic_launcher_round.webp.flat
Compiling XML table C:\Users\heman\Desktop\Mounisha_App\app\build\intermediates\incremental\release\mergeReleaseResources\merged.dir\values-sl\values-sl.xml to C:\Users\heman\Desktop\Mounisha_App\app\build\intermediates\merged_res\release\mergeReleaseResources\values-sl_values-sl.arsc.flat
Compiling XML table C:\Users\heman\Desktop\Mounisha_App\app\build\intermediates\incremental\release\mergeReleaseResources\merged.dir\values-or\values-or.xml to C:\Users\heman\Desktop\Mounisha_App\app\build\intermediates\merged_res\release\mergeReleaseResources\values-or_values-or.arsc.flat
Compiling XML table C:\Users\heman\Desktop\Mounisha_App\app\build\intermediates\incremental\release\mergeReleaseResources\merged.dir\values-cs\values-cs.xml to C:\Users\heman\Desktop\Mounisha_App\app\build\intermediates\merged_res\release\mergeReleaseResources\values-cs_values-cs.arsc.flat
Compiling XML table C:\Users\heman\Desktop\Mounisha_App\app\build\intermediates\incremental\release\mergeReleaseResources\merged.dir\values-en-rAU\values-en-rAU.xml to C:\Users\heman\Desktop\Mounisha_App\app\build\intermediates\merged_res\release\mergeReleaseResources\values-en-rAU_values-en-rAU.arsc.flat
Compiling file C:\Users\heman\Desktop\Mounisha_App\app\src\main\res\mipmap-hdpi\ic_launcher_round.webp to C:\Users\heman\Desktop\Mounisha_App\app\build\intermediates\merged_res\release\mergeReleaseResources\mipmap-hdpi_ic_launcher_round.webp.flat
Compiling file C:\Users\heman\Desktop\Mounisha_App\app\src\main\res\mipmap-xxxhdpi\ic_launcher_round.webp to C:\Users\heman\Desktop\Mounisha_App\app\build\intermediates\merged_res\release\mergeReleaseResources\mipmap-xxxhdpi_ic_launcher_round.webp.flat

[Incubating] Problems report is available at: file:///C:/Users/heman/Desktop/Mounisha_App/build/reports/problems/problems-report.html

FAILURE: Build failed with an exception.

* What went wrong:
Execution failed for task ':app:kspDebugKotlin'.
> A failure occurred while executing org.jetbrains.kotlin.compilerRunner.Gradle
CompilerRunnerWithWorkers$GradleKotlinCompilerWorkAction
   > Compilation error. See log for more details

* Try:
> Run with --stacktrace option to get the stack trace.
> Run with --debug option to get more log output.
> Run with --scan to generate a Build Scan (powered by Develocity).
> Get more help at https://help.gradle.org.

Deprecated Gradle features were used in this build, making it incompatible with Gradle 10.

You can use '--warning-mode all' to show the individual deprecation warnings and determine if they come from your own scripts or plugins.

For more on this, please refer to https://docs.gradle.org/9.2.1/userguide/command_line_interface.html#sec:command_line_warnings in the Gradle documentation.

BUILD FAILED in 38s
39 actionable tasks: 12 executed, 27 up-to-date
Watched directory hierarchies: [C:\Users\heman\Desktop\Mounisha_App]
